Cancun/stEIP1153-transientStorage/01_tloadBeginningTxn.json//Cancun/0:18151
Cancun/stEIP1153-transientStorage/02_tloadAfterTstore.json//Cancun/0:21720
Cancun/stEIP1153-transientStorage/03_tloadAfterStoreIs0.json//Cancun/0:23202
Cancun/stEIP1153-transientStorage/04_tloadAfterCall.json//Cancun/0:37944
Cancun/stEIP1153-transientStorage/05_tloadReentrancy.json//Cancun/0:42245
Cancun/stEIP1153-transientStorage/06_tstoreInReentrancyCall.json//Cancun/0:47631
Cancun/stEIP1153-transientStorage/07_tloadAfterReentrancyStore.json//Cancun/0:41122
Cancun/stEIP1153-transientStorage/08_revertUndoesTransientStore.json//Cancun/0:40421
Cancun/stEIP1153-transientStorage/09_revertUndoesAll.json//Cancun/0:42178
Cancun/stEIP1153-transientStorage/10_revertUndoesStoreAfterReturn.json//Cancun/0:49620
Cancun/stEIP1153-transientStorage/11_tstoreDelegateCall.json//Cancun/0:36908
Cancun/stEIP1153-transientStorage/12_tloadDelegateCall.json//Cancun/0:31693
Cancun/stEIP1153-transientStorage/13_tloadStaticCall.json//Cancun/0:47866
Cancun/stEIP1153-transientStorage/14_revertAfterNestedStaticcall.json//Cancun/0:50156
Cancun/stEIP1153-transientStorage/15_tstoreCannotBeDosd.json//Cancun/0:269212077
Cancun/stEIP1153-transientStorage/16_tloadGas.json//Cancun/0:22448
Cancun/stEIP1153-transientStorage/17_tstoreGas.json//Cancun/0:23557
Cancun/stEIP1153-transientStorage/18_tloadAfterStore.json//Cancun/0:21182
Cancun/stEIP1153-transientStorage/19_oogUndoesTransientStore.json//Cancun/0:39632
Cancun/stEIP1153-transientStorage/20_oogUndoesTransientStoreInCall.json//Cancun/0:30355
Cancun/stEIP1153-transientStorage/21_tstoreCannotBeDosdOOO.json//Cancun/0:217932130
Cancun/stEIP1153-transientStorage/transStorageOK.json//Cancun/0:155602
Cancun/stEIP1153-transientStorage/transStorageOK.json//Cancun/1:166668
Cancun/stEIP1153-transientStorage/transStorageOK.json//Cancun/2:164396
Cancun/stEIP1153-transientStorage/transStorageOK.json//Cancun/3:1767455
Cancun/stEIP1153-transientStorage/transStorageOK.json//Cancun/4:197615
Cancun/stEIP1153-transientStorage/transStorageOK.json//Cancun/5:924580
Cancun/stEIP1153-transientStorage/transStorageOK.json//Cancun/6:671662
Cancun/stEIP1153-transientStorage/transStorageOK.json//Cancun/7:658976
Cancun/stEIP1153-transientStorage/transStorageOK.json//Cancun/8:61967
Cancun/stEIP1153-transientStorage/transStorageOK.json//Cancun/9:293184
Cancun/stEIP1153-transientStorage/transStorageOK.json//Cancun/10:288599
Cancun/stEIP1153-transientStorage/transStorageOK.json//Cancun/11:299368
Cancun/stEIP1153-transientStorage/transStorageOK.json//Cancun/12:298830
Cancun/stEIP1153-transientStorage/transStorageOK.json//Cancun/13:287940
Cancun/stEIP1153-transientStorage/transStorageOK.json//Cancun/14:347129
Cancun/stEIP1153-transientStorage/transStorageOK.json//Cancun/15:61650
Cancun/stEIP1153-transientStorage/transStorageReset.json//Cancun/0:66224
Cancun/stEIP1153-transientStorage/transStorageReset.json//Cancun/1:68686
Cancun/stEIP1153-transientStorage/transStorageReset.json//Cancun/2:67434
Cancun/stEIP1153-transientStorage/transStorageReset.json//Cancun/3:65630
Cancun/stEIP1153-transientStorage/transStorageReset.json//Cancun/4:67478
Cancun/stEIP1153-transientStorage/transStorageReset.json//Cancun/5:66932
Cancun/stEIP1153-transientStorage/transStorageReset.json//Cancun/6:65814
Cancun/stEIP1153-transientStorage/transStorageReset.json//Cancun/7:63648
Cancun/stEIP1153-transientStorage/transStorageReset.json//Cancun/8:60191
Cancun/stEIP1153-transientStorage/transStorageReset.json//Cancun/9:70815
Cancun/stEIP1153-transientStorage/transStorageReset.json//Cancun/10:66710
Cancun/stEIP1153-transientStorage/transStorageReset.json//Cancun/11:67689
Cancun/stEIP1153-transientStorage/transStorageReset.json//Cancun/12:69561
Cancun/stEIP1153-transientStorage/transStorageReset.json//Cancun/13:67060
Cancun/stEIP1153-transientStorage/transStorageReset.json//Cancun/14:67784
Cancun/stEIP1153-transientStorage/transStorageReset.json//Cancun/15:70830
Cancun/stEIP1153-transientStorage/transStorageReset.json//Cancun/16:69503
Cancun/stEIP1153-transientStorage/transStorageReset.json//Cancun/17:71876
Cancun/stEIP1153-transientStorage/transStorageReset.json//Cancun/18:69575
Cancun/stEIP1153-transientStorage/transStorageReset.json//Cancun/19:71743
Cancun/stEIP1153-transientStorage/transStorageReset.json//Cancun/20:69592
Cancun/stEIP1153-transientStorage/transStorageReset.json//Cancun/21:66159
Cancun/stEIP1153-transientStorage/transStorageReset.json//Cancun/22:66529
Cancun/stEIP1153-transientStorage/transStorageReset.json//Cancun/23:61731
Cancun/stEIP1153-transientStorage/transStorageReset.json//Cancun/24:60272
Cancun/stEIP1153-transientStorage/transStorageReset.json//Cancun/25:60274
Cancun/stEIP1153-transientStorage/transStorageReset.json//Cancun/26:64447
Cancun/stEIP1153-transientStorage/transStorageReset.json//Cancun/27:59777
Cancun/stEIP1153-transientStorage/transStorageReset.json//Cancun/28:63124
Cancun/stEIP1153-transientStorage/transStorageReset.json//Cancun/29:60844
Cancun/stEIP5656-MCOPY/MCOPY.json//Cancun/0:35401
Cancun/stEIP5656-MCOPY/MCOPY.json//Cancun/1:35800
Cancun/stEIP5656-MCOPY/MCOPY.json//Cancun/2:35302
Cancun/stEIP5656-MCOPY/MCOPY.json//Cancun/3:35267
Cancun/stEIP5656-MCOPY/MCOPY.json//Cancun/4:35044
Cancun/stEIP5656-MCOPY/MCOPY.json//Cancun/5:35112
Cancun/stEIP5656-MCOPY/MCOPY.json//Cancun/6:36020
Cancun/stEIP5656-MCOPY/MCOPY.json//Cancun/7:37056
Cancun/stEIP5656-MCOPY/MCOPY.json//Cancun/8:35101
Cancun/stEIP5656-MCOPY/MCOPY.json//Cancun/9:36006
Cancun/stEIP5656-MCOPY/MCOPY.json//Cancun/10:35974
Cancun/stEIP5656-MCOPY/MCOPY.json//Cancun/11:36529
Cancun/stEIP5656-MCOPY/MCOPY.json//Cancun/12:35541
Cancun/stEIP5656-MCOPY/MCOPY.json//Cancun/13:38587
Cancun/stEIP5656-MCOPY/MCOPY.json//Cancun/14:35562
Cancun/stEIP5656-MCOPY/MCOPY.json//Cancun/15:35682
Cancun/stEIP5656-MCOPY/MCOPY.json//Cancun/16:37541
Cancun/stEIP5656-MCOPY/MCOPY.json//Cancun/17:37840
Cancun/stEIP5656-MCOPY/MCOPY.json//Cancun/18:35528
Cancun/stEIP5656-MCOPY/MCOPY.json//Cancun/19:38132
Cancun/stEIP5656-MCOPY/MCOPY_copy_cost.json//Cancun/0:47262
Cancun/stEIP5656-MCOPY/MCOPY_copy_cost.json//Cancun/1:47662
Cancun/stEIP5656-MCOPY/MCOPY_copy_cost.json//Cancun/2:48705
Cancun/stEIP5656-MCOPY/MCOPY_copy_cost.json//Cancun/3:48528
Cancun/stEIP5656-MCOPY/MCOPY_copy_cost.json//Cancun/4:48594
Cancun/stEIP5656-MCOPY/MCOPY_copy_cost.json//Cancun/5:51252
Cancun/stEIP5656-MCOPY/MCOPY_copy_cost.json//Cancun/6:88539
Cancun/stEIP5656-MCOPY/MCOPY_copy_cost.json//Cancun/7:51246
Cancun/stEIP5656-MCOPY/MCOPY_copy_cost.json//Cancun/8:82891
Cancun/stEIP5656-MCOPY/MCOPY_copy_cost.json//Cancun/9:62112
Cancun/stEIP5656-MCOPY/MCOPY_copy_cost.json//Cancun/10:49193
Cancun/stEIP5656-MCOPY/MCOPY_copy_cost.json//Cancun/11:49119
Cancun/stEIP5656-MCOPY/MCOPY_copy_cost.json//Cancun/12:50685
Cancun/stEIP5656-MCOPY/MCOPY_copy_cost.json//Cancun/13:49694
Cancun/stEIP5656-MCOPY/MCOPY_copy_cost.json//Cancun/14:48759
Cancun/stEIP5656-MCOPY/MCOPY_copy_cost.json//Cancun/15:49667
Cancun/stEIP5656-MCOPY/MCOPY_copy_cost.json//Cancun/16:80256
Cancun/stEIP5656-MCOPY/MCOPY_copy_cost.json//Cancun/17:49416
Cancun/stEIP5656-MCOPY/MCOPY_copy_cost.json//Cancun/18:49037
Cancun/stEIP5656-MCOPY/MCOPY_copy_cost.json//Cancun/19:52433
Cancun/stEIP5656-MCOPY/MCOPY_copy_cost.json//Cancun/20:50446
Cancun/stEIP5656-MCOPY/MCOPY_copy_cost.json//Cancun/21:56931
Cancun/stEIP5656-MCOPY/MCOPY_copy_cost.json//Cancun/22:50072
Cancun/stEIP5656-MCOPY/MCOPY_copy_cost.json//Cancun/23:49244
Cancun/stEIP5656-MCOPY/MCOPY_copy_cost.json//Cancun/24:48678
Cancun/stEIP5656-MCOPY/MCOPY_copy_cost.json//Cancun/25:49484
Cancun/stEIP5656-MCOPY/MCOPY_copy_cost.json//Cancun/26:49075
Cancun/stEIP5656-MCOPY/MCOPY_copy_cost.json//Cancun/27:49756
Cancun/stEIP5656-MCOPY/MCOPY_copy_cost.json//Cancun/28:51200
Cancun/stEIP5656-MCOPY/MCOPY_copy_cost.json//Cancun/29:49399
Cancun/stEIP5656-MCOPY/MCOPY_copy_cost.json//Cancun/30:50962
Cancun/stEIP5656-MCOPY/MCOPY_copy_cost.json//Cancun/31:48325
Cancun/stEIP5656-MCOPY/MCOPY_copy_cost.json//Cancun/32:50430
Cancun/stEIP5656-MCOPY/MCOPY_copy_cost.json//Cancun/33:48202
Cancun/stEIP5656-MCOPY/MCOPY_copy_cost.json//Cancun/34:48383
Cancun/stEIP5656-MCOPY/MCOPY_copy_cost.json//Cancun/35:56510
Cancun/stEIP5656-MCOPY/MCOPY_copy_cost.json//Cancun/36:47322
Cancun/stEIP5656-MCOPY/MCOPY_copy_cost.json//Cancun/37:48982
Cancun/stEIP5656-MCOPY/MCOPY_copy_cost.json//Cancun/38:48841
Cancun/stEIP5656-MCOPY/MCOPY_copy_cost.json//Cancun/39:68080
Cancun/stEIP5656-MCOPY/MCOPY_copy_cost.json//Cancun/40:47937
Cancun/stEIP5656-MCOPY/MCOPY_copy_cost.json//Cancun/41:52656
Cancun/stEIP5656-MCOPY/MCOPY_copy_cost.json//Cancun/42:48662
Cancun/stEIP5656-MCOPY/MCOPY_copy_cost.json//Cancun/43:46656
Cancun/stEIP5656-MCOPY/MCOPY_copy_cost.json//Cancun/44:48344
Cancun/stEIP5656-MCOPY/MCOPY_copy_cost.json//Cancun/45:48485
Cancun/stEIP5656-MCOPY/MCOPY_copy_cost.json//Cancun/46:50474
Cancun/stEIP5656-MCOPY/MCOPY_copy_cost.json//Cancun/47:58705
Cancun/stEIP5656-MCOPY/MCOPY_copy_cost.json//Cancun/48:51995
Cancun/stEIP5656-MCOPY/MCOPY_copy_cost.json//Cancun/49:58618
Cancun/stEIP5656-MCOPY/MCOPY_copy_cost.json//Cancun/50:50590
Cancun/stEIP5656-MCOPY/MCOPY_copy_cost.json//Cancun/51:47766
Cancun/stEIP5656-MCOPY/MCOPY_copy_cost.json//Cancun/52:66471
Cancun/stEIP5656-MCOPY/MCOPY_copy_cost.json//Cancun/53:47850
Cancun/stEIP5656-MCOPY/MCOPY_copy_cost.json//Cancun/54:50674
Cancun/stEIP5656-MCOPY/MCOPY_copy_cost.json//Cancun/55:48506
Cancun/stEIP5656-MCOPY/MCOPY_copy_cost.json//Cancun/56:79990
Cancun/stEIP5656-MCOPY/MCOPY_copy_cost.json//Cancun/57:48073
Cancun/stEIP5656-MCOPY/MCOPY_copy_cost.json//Cancun/58:47498
Cancun/stEIP5656-MCOPY/MCOPY_copy_cost.json//Cancun/59:49309
Cancun/stEIP5656-MCOPY/MCOPY_copy_cost.json//Cancun/60:47204
Cancun/stEIP5656-MCOPY/MCOPY_copy_cost.json//Cancun/61:48660
Cancun/stEIP5656-MCOPY/MCOPY_copy_cost.json//Cancun/62:46832
Cancun/stEIP5656-MCOPY/MCOPY_copy_cost.json//Cancun/63:47670
Cancun/stEIP5656-MCOPY/MCOPY_memory_expansion_cost.json//Cancun/0:27348
Cancun/stEIP5656-MCOPY/MCOPY_memory_expansion_cost.json//Cancun/1:24223
Cancun/stEIP5656-MCOPY/MCOPY_memory_expansion_cost.json//Cancun/2:27832
Cancun/stEIP5656-MCOPY/MCOPY_memory_expansion_cost.json//Cancun/3:26291
Cancun/stEIP5656-MCOPY/MCOPY_memory_expansion_cost.json//Cancun/4:26656
Cancun/stEIP5656-MCOPY/MCOPY_memory_expansion_cost.json//Cancun/5:26590
Cancun/stEIP5656-MCOPY/MCOPY_memory_expansion_cost.json//Cancun/6:29173
Cancun/stEIP5656-MCOPY/MCOPY_memory_expansion_cost.json//Cancun/7:25734
Cancun/stEIP5656-MCOPY/MCOPY_memory_expansion_cost.json//Cancun/8:28014
Cancun/stEIP5656-MCOPY/MCOPY_memory_expansion_cost.json//Cancun/9:25472
Cancun/stEIP5656-MCOPY/MCOPY_memory_expansion_cost.json//Cancun/10:25483
Cancun/stEIP5656-MCOPY/MCOPY_memory_expansion_cost.json//Cancun/11:25800
Cancun/stEIP5656-MCOPY/MCOPY_memory_expansion_cost.json//Cancun/12:26420
Cancun/stEIP5656-MCOPY/MCOPY_memory_expansion_cost.json//Cancun/13:26794
Cancun/stEIP5656-MCOPY/MCOPY_memory_expansion_cost.json//Cancun/14:27053
Cancun/stEIP5656-MCOPY/MCOPY_memory_expansion_cost.json//Cancun/15:22547
Cancun/stEIP5656-MCOPY/MCOPY_memory_expansion_cost.json//Cancun/16:21359
Cancun/stEIP5656-MCOPY/MCOPY_memory_expansion_cost.json//Cancun/17:21826
Cancun/stEIP5656-MCOPY/MCOPY_memory_expansion_cost.json//Cancun/18:21955
Cancun/stEIP5656-MCOPY/MCOPY_memory_expansion_cost.json//Cancun/19:21867
Cancun/stEIP5656-MCOPY/MCOPY_memory_expansion_cost.json//Cancun/20:22479
Cancun/stEIP5656-MCOPY/MCOPY_memory_expansion_cost.json//Cancun/21:23444
Cancun/stEIP5656-MCOPY/MCOPY_memory_hash.json//Cancun/0:96072
Cancun/stEIP5656-MCOPY/MCOPY_memory_hash.json//Cancun/1:92486
Cancun/stEIP5656-MCOPY/MCOPY_memory_hash.json//Cancun/2:95082
Cancun/stEIP5656-MCOPY/MCOPY_memory_hash.json//Cancun/3:150225
Cancun/stEIP5656-MCOPY/MCOPY_memory_hash.json//Cancun/4:98842
Cancun/stEIP5656-MCOPY/MCOPY_memory_hash.json//Cancun/5:95933
